1
bugfix